<button class="govuk-button test-css-class govuk-button--start" data-module="govuk-button" value="test-value" type="submit" name="test-name" aria-disabled="false" data-prevent-double-click="true" data-prevent-double-click-timeout="2" attr-name="attr-value">

test html                    <svg class="govuk-button__start-icon" xmlns="http://www.w3.org/2000/svg" width="17.5" height="19" viewBox="0 0 33 40" role="presentation" focusable="false"><path fill="currentColor" d="M0 0h13l20 20-20 20H0l20-20z" /></svg></button>