

        <button class="govuk-button test-css-class govuk-button--disabled"
                data-module="govuk-button"
                value="test-value"
                type="submit"
                name="test-name"
                disabled
                aria-disabled="true"
                data-prevent-double-click="true"
                data-prevent-double-click-timeout="2"
                attr-name="attr-value">

test html        </button>
