

<nav class="govuk-pagination pagination-class "
     role="navigation"
     aria-label="landmarkLabel"
     >
    
        <ul class="govuk-pagination__list">
                    <li class="govuk-pagination__item govuk-pagination__item--current">
                        <a class="govuk-link govuk-pagination__link"
                           aria-current="page"                           href="#"
                           aria-label="1"
                           >1</a>
                    </li>
                    <li class="govuk-pagination__item govuk-pagination__item--ellipses">&ctdot;</li>
                    <li class="govuk-pagination__item ">
                        <a class="govuk-link govuk-pagination__link"
                                                      href="#"
                           aria-label="3"
                           >3</a>
                    </li>
                    <li class="govuk-pagination__item ">
                        <a class="govuk-link govuk-pagination__link"
                                                      href="#"
                           aria-label="4"
                           >4</a>
                    </li>
        </ul>
    
        <div class="govuk-pagination__next">
            <a class="govuk-link govuk-pagination__link"
               href="#"
               rel="next"
               >
                <span class="govuk-pagination__link-title ">
                    Next text
                </span>

<svg class="govuk-pagination__icon govuk-pagination__icon--next" xmlns="http://www.w3.org/2000/svg" height="13" width="15" aria-hidden="true" focusable="false" viewBox="0 0 15 13">
                <path d="m8.107-0.0078125-1.4136 1.414 4.2926 4.293h-12.986v2h12.896l-4.1855 3.9766 1.377 1.4492 6.7441-6.4062-6.7246-6.7266z"></path>
            </svg>            </a>
        </div>
</nav>