<div class="govuk-form-group form-group-classes govuk-form-group--error">
  <label class="govuk-label" for="test-id">

test-label            </label>
  <div class="govuk-hint" id="test-id-hint">

test-hint</div>
  <span class="govuk-error-message" id="test-id-error">
    <span class="govuk-visually-hidden">Error</span>

test-error</span>
  <input class="govuk-input test-css-class govuk-input--error" id="test-id" name="test-name" type="text" value="test value" aria-describedby="test-described-by test-id-hint test-id-error" autocomplete="test autocomplete" spellcheck="true" pattern="test-pattern" inputmode="test-input-mode" attr-name="attr-value" />


text-appendix</div>