<div class="govuk-form-group form-group-classes ">
  <label class="govuk-label" for="test-id">

test-label            </label>
  <input class="govuk-input test-css-class " id="test-id" name="test-name" type="text" value="test value" autocomplete="test autocomplete" spellcheck="true" pattern="test-pattern" inputmode="test-input-mode" attr-name="attr-value" />


text-appendix</div>